// Jest Snapshot v1, https://goo.gl/fbAQLP

exports[`renders TagList with base use 1`] = `
<div>
  <span
    class="safe-html"
  >
    <b>
      我是使用b标签加粗的HTML内容
    </b>
  </span>
</div>
`;
